Set include directory: ../include
Compiling include_loop_1.ssl
[Error] </unsuccessful/include_loop_2.ssl>:1: More than 256 nesting of #include
        from /unsuccessful/include_loop_2.ssl: 1:    #include "include_loop_1.ssl"
    from /unsuccessful/include_loop_1.ssl: 1:    #include "include_loop_2.ssl"
    from /unsuccessful/include_loop_2.ssl: 1:    #include "include_loop_1.ssl"
    from /unsuccessful/include_loop_1.ssl: 1:    #include "include_loop_2.ssl"
    from /unsuccessful/include_loop_2.ssl: 1:    #include "include_loop_1.ssl"
    from /unsuccessful/include_loop_1.ssl: 1:    #include "include_loop_2.ssl"
    from /unsuccessful/include_loop_2.ssl: 1:    #include "include_loop_1.ssl"
    from /unsuccessful/include_loop_1.ssl: 1:    #include "include_loop_2.ssl"
    from /unsuccessful/include_loop_2.ssl: 1:    #include "include_loop_1.ssl"
    from /unsuccessful/include_loop_1.ssl: 1:    #include "include_loop_2.ssl"
    from /unsuccessful/include_loop_2.ssl: 1:    #include "include_loop_1.ssl"
    from /unsuccessful/include_loop_1.ssl: 1:    #include "include_loop_2.ssl"
    from /unsuccessful/include_loop_2.ssl: 1:    #include "include_loop_1.ssl"
    from /unsuccessful/include_loop_1.ssl: 1:    #include "include_loop_2.ssl"
    from /unsuccessful/include_loop_2.ssl: 1:    #include "include_loop_1.ssl"
    from /unsuccessful/include_loop_1.ssl: 1:    #include "include_loop_2.ssl"
    from /unsuccessful/include_loop_2.ssl: 1:    #include "include_loop_1.ssl"
    from /unsuccessful/include_loop_1.ssl: 1:    #include "include_loop_2.ssl"
    from /unsuccessful/include_loop_2.ssl: 1:    #include "include_loop_1.ssl"
    from /unsuccessful/include_loop_1.ssl: 1:    #include "include_loop_2.ssl"
    from /unsuccessful/include_loop_2.ssl: 1:    #include "include_loop_1.ssl"
    from /unsuccessful/include_loop_1.ssl: 1:    #include "include_loop_2.ssl"
    from /unsuccessful/include_loop_2.ssl: 1:    #include "include_loop_1.ssl"
    from /unsuccessful/include_loop_1.ssl: 1:    #include "include_loop_2.ssl"
    from /unsuccessful/include_loop_2.ssl: 1:    #include "include_loop_1.ssl"
    from /unsuccessful/include_loop_1.ssl: 1:    #include "include_loop_2.ssl"
    from /unsuccessful/include_loop_2.ssl: 1:    #include "include_loop_1.ssl"
    from /unsuccessful/include_loop_1.ssl: 1:    #include "include_loop_2.ssl"
    from /unsuccessful/include_loop_2.ssl: 1:    #include "include_loop_1.ssl"
    from /unsuccessful/include_loop_1.ssl: 1:    #include "include_loop_2.ssl"
    from /unsuccessful/include_loop_2.ssl: 1:    #include "include_loop_1.ssl"
    from /unsuccessful/include_loop_1.ssl: 1:    #include "include_loop_2.ssl"
    from /unsuccessful/include_loop_2.ssl: 1:    #include "include_loop_1.ssl"
    from /unsuccessful/include_loop_1.ssl: 1:    #include "include_loop_2.ssl"
    from /unsuccessful/include_loop_2.ssl: 1:    #include "include_loop_1.ssl"
    from /unsuccessful/include_loop_1.ssl: 1:    #include "include_loop_2.ssl"
    from /unsuccessful/include_loop_2.ssl: 1:    #include "include_loop_1.ssl"
    from /unsuccessful/include_loop_1.ssl: 1:    #include "include_loop_2.ssl"
    from /unsuccessful/include_loop_2.ssl: 1:    #include "include_loop_1.ssl"
    from /unsuccessful/include_loop_1.ssl: 1:    #include "include_loop_2.ssl"
    from /unsuccessful/include_loop_2.ssl: 1:    #include "include_loop_1.ssl"
    from /unsuccessful/include_loop_1.ssl: 1:    #include "include_loop_2.ssl"
    from /unsuccessful/include_loop_2.ssl: 1:    #include "include_loop_1.ssl"
    from /unsuccessful/include_loop_1.ssl: 1:    #include "include_loop_2.ssl"
    from /unsuccessful/include_loop_2.ssl: 1:    #include "include_loop_1.ssl"
    from /unsuccessful/include_loop_1.ssl: 1:    #include "include_loop_2.ssl"
    from /unsuccessful/include_loop_2.ssl: 1:    #include "include_loop_1.ssl"
    from /unsuccessful/include_loop_1.ssl: 1:    #include "include_loop_2.ssl"
    from /unsuccessful/include_loop_2.ssl: 1:    #include "include_loop_1.ssl"
    from /unsuccessful/include_loop_1.ssl: 1:    #include "include_loop_2.ssl"
    from /unsuccessful/include_loop_2.ssl: 1:    #include "include_loop_1.ssl"
    from /unsuccessful/include_loop_1.ssl: 1:    #include "include_loop_2.ssl"
    from /unsuccessful/include_loop_2.ssl: 1:    #include "include_loop_1.ssl"
    from /unsuccessful/include_loop_1.ssl: 1:    #include "include_loop_2.ssl"
    from /unsuccessful/include_loop_2.ssl: 1:    #include "include_loop_1.ssl"
    from /unsuccessful/include_loop_1.ssl: 1:    #include "include_loop_2.ssl"
    from /unsuccessful/include_loop_2.ssl: 1:    #include "include_loop_1.ssl"
    from /unsuccessful/include_loop_1.ssl: 1:    #include "include_loop_2.ssl"
    from /unsuccessful/include_loop_2.ssl: 1:    #include "include_loop_1.ssl"
    from /unsuccessful/include_loop_1.ssl: 1:    #include "include_loop_2.ssl"
    from /unsuccessful/include_loop_2.ssl: 1:    #include "include_loop_1.ssl"
    from /unsuccessful/include_loop_1.ssl: 1:    #include "include_loop_2.ssl"
    from /unsuccessful/include_loop_2.ssl: 1:    #include "include_loop_1.ssl"
    from /unsuccessful/include_loop_1.ssl: 1:    #include "include_loop_2.ssl"
    from /unsuccessful/include_loop_2.ssl: 1:    #include "include_loop_1.ssl"
    from /unsuccessful/include_loop_1.ssl: 1:    #include "include_loop_2.ssl"
    from /unsuccessful/include_loop_2.ssl: 1:    #include "include_loop_1.ssl"
    from /unsuccessful/include_loop_1.ssl: 1:    #include "include_loop_2.ssl"
    from /unsuccessful/include_loop_2.ssl: 1:    #include "include_loop_1.ssl"
    from /unsuccessful/include_loop_1.ssl: 1:    #include "include_loop_2.ssl"
    from /unsuccessful/include_loop_2.ssl: 1:    #include "include_loop_1.ssl"
    from /unsuccessful/include_loop_1.ssl: 1:    #include "include_loop_2.ssl"
    from /unsuccessful/include_loop_2.ssl: 1:    #include "include_loop_1.ssl"
    from /unsuccessful/include_loop_1.ssl: 1:    #include "include_loop_2.ssl"
    from /unsuccessful/include_loop_2.ssl: 1:    #include "include_loop_1.ssl"
    from /unsuccessful/include_loop_1.ssl: 1:    #include "include_loop_2.ssl"
    from /unsuccessful/include_loop_2.ssl: 1:    #include "include_loop_1.ssl"
    from /unsuccessful/include_loop_1.ssl: 1:    #include "include_loop_2.ssl"
    from /unsuccessful/include_loop_2.ssl: 1:    #include "include_loop_1.ssl"
    from /unsuccessful/include_loop_1.ssl: 1:    #include "include_loop_2.ssl"
    from /unsuccessful/include_loop_2.ssl: 1:    #include "include_loop_1.ssl"
    from /unsuccessful/include_loop_1.ssl: 1:    #include "include_loop_2.ssl"
    from /unsuccessful/include_loop_2.ssl: 1:    #include "include_loop_1.ssl"
    from /unsuccessful/include_loop_1.ssl: 1:    #include "include_loop_2.ssl"
    from /unsuccessful/include_loop_2.ssl: 1:    #include "include_loop_1.ssl"
    from /unsuccessful/include_loop_1.ssl: 1:    #include "include_loop_2.ssl"
    from /unsuccessful/include_loop_2.ssl: 1:    #include "include_loop_1.ssl"
    from /unsuccessful/include_loop_1.ssl: 1:    #include "include_loop_2.ssl"
    from /unsuccessful/include_loop_2.ssl: 1:    #include "include_loop_1.ssl"
    from /unsuccessful/include_loop_1.ssl: 1:    #include "include_loop_2.ssl"
    from /unsuccessful/include_loop_2.ssl: 1:    #include "include_loop_1.ssl"
    from /unsuccessful/include_loop_1.ssl: 1:    #include "include_loop_2.ssl"
    from /unsuccessful/include_loop_2.ssl: 1:    #include "include_loop_1.ssl"
    from /unsuccessful/include_loop_1.ssl: 1:    #include "include_loop_2.ssl"
    from /unsuccessful/include_loop_2.ssl: 1:    #include "include_loop_1.ssl"
    from /unsuccessful/include_loop_1.ssl: 1:    #include "include_loop_2.ssl"
    from /unsuccessful/include_loop_2.ssl: 1:    #include "include_loop_1.ssl"
    from /unsuccessful/include_loop_1.ssl: 1:    #include "include_loop_2.ssl"
    from /unsuccessful/include_loop_2.ssl: 1:    #include "include_loop_1.ssl"
    from /unsuccessful/include_loop_1.ssl: 1:    #include "include_loop_2.ssl"
    from /unsuccessful/include_loop_2.ssl: 1:    #include "include_loop_1.ssl"
    from /unsuccessful/include_loop_1.ssl: 1:    #include "include_loop_2.ssl"
    from /unsuccessful/include_loop_2.ssl: 1:    #include "include_loop_1.ssl"
    from /unsuccessful/include_loop_1.ssl: 1:    #include "include_loop_2.ssl"
    from /unsuccessful/include_loop_2.ssl: 1:    #include "include_loop_1.ssl"
    from /unsuccessful/include_loop_1.ssl: 1:    #include "include_loop_2.ssl"
    from /unsuccessful/include_loop_2.ssl: 1:    #include "include_loop_1.ssl"
    from /unsuccessful/include_loop_1.ssl: 1:    #include "include_loop_2.ssl"
    from /unsuccessful/include_loop_2.ssl: 1:    #include "include_loop_1.ssl"
    from /unsuccessful/include_loop_1.ssl: 1:    #include "include_loop_2.ssl"
    from /unsuccessful/include_loop_2.ssl: 1:    #include "include_loop_1.ssl"
    from /unsuccessful/include_loop_1.ssl: 1:    #include "include_loop_2.ssl"
    from /unsuccessful/include_loop_2.ssl: 1:    #include "include_loop_1.ssl"
    from /unsuccessful/include_loop_1.ssl: 1:    #include "include_loop_2.ssl"
    from /unsuccessful/include_loop_2.ssl: 1:    #include "include_loop_1.ssl"
    from /unsuccessful/include_loop_1.ssl: 1:    #include "include_loop_2.ssl"
    from /unsuccessful/include_loop_2.ssl: 1:    #include "include_loop_1.ssl"
    from /unsuccessful/include_loop_1.ssl: 1:    #include "include_loop_2.ssl"
    from /unsuccessful/include_loop_2.ssl: 1:    #include "include_loop_1.ssl"
    from /unsuccessful/include_loop_1.ssl: 1:    #include "include_loop_2.ssl"
    from /unsuccessful/include_loop_2.ssl: 1:    #include "include_loop_1.ssl"
    from /unsuccessful/include_loop_1.ssl: 1:    #include "include_loop_2.ssl"
    from /unsuccessful/include_loop_2.ssl: 1:    #include "include_loop_1.ssl"
    from /unsuccessful/include_loop_1.ssl: 1:    #include "include_loop_2.ssl"
    from /unsuccessful/include_loop_2.ssl: 1:    #include "include_loop_1.ssl"
    from /unsuccessful/include_loop_1.ssl: 1:    #include "include_loop_2.ssl"
    from /unsuccessful/include_loop_2.ssl: 1:    #include "include_loop_1.ssl"
    from /unsuccessful/include_loop_1.ssl: 1:    #include "include_loop_2.ssl"
    from /unsuccessful/include_loop_2.ssl: 1:    #include "include_loop_1.ssl"
    from /unsuccessful/include_loop_1.ssl: 1:    #include "include_loop_2.ssl"
    from /unsuccessful/include_loop_2.ssl: 1:    #include "include_loop_1.ssl"
    from /unsuccessful/include_loop_1.ssl: 1:    #include "include_loop_2.ssl"
    from /unsuccessful/include_loop_2.ssl: 1:    #include "include_loop_1.ssl"
    from /unsuccessful/include_loop_1.ssl: 1:    #include "include_loop_2.ssl"
    from /unsuccessful/include_loop_2.ssl: 1:    #include "include_loop_1.ssl"
    from /unsuccessful/include_loop_1.ssl: 1:    #include "include_loop_2.ssl"
    from /unsuccessful/include_loop_2.ssl: 1:    #include "include_loop_1.ssl"
    from /unsuccessful/include_loop_1.ssl: 1:    #include "include_loop_2.ssl"
    from /unsuccessful/include_loop_2.ssl: 1:    #include "include_loop_1.ssl"
    from /unsuccessful/include_loop_1.ssl: 1:    #include "include_loop_2.ssl"
    from /unsuccessful/include_loop_2.ssl: 1:    #include "include_loop_1.ssl"
    from /unsuccessful/include_loop_1.ssl: 1:    #include "include_loop_2.ssl"
    from /unsuccessful/include_loop_2.ssl: 1:    #include "include_loop_1.ssl"
    from /unsuccessful/include_loop_1.ssl: 1:    #include "include_loop_2.ssl"
    from /unsuccessful/include_loop_2.ssl: 1:    #include "include_loop_1.ssl"
    from /unsuccessful/include_loop_1.ssl: 1:    #include "include_loop_2.ssl"
    from /unsuccessful/include_loop_2.ssl: 1:    #include "include_loop_1.ssl"
    from /unsuccessful/include_loop_1.ssl: 1:    #include "include_loop_2.ssl"
    from /unsuccessful/include_loop_2.ssl: 1:    #include "include_loop_1.ssl"
    from /unsuccessful/include_loop_1.ssl: 1:    #include "include_loop_2.ssl"
    from /unsuccessful/include_loop_2.ssl: 1:    #include "include_loop_1.ssl"
    from /unsuccessful/include_loop_1.ssl: 1:    #include "include_loop_2.ssl"
    from /unsuccessful/include_loop_2.ssl: 1:    #include "include_loop_1.ssl"
    from /unsuccessful/include_loop_1.ssl: 1:    #include "include_loop_2.ssl"
    from /unsuccessful/include_loop_2.ssl: 1:    #include "include_loop_1.ssl"
    from /unsuccessful/include_loop_1.ssl: 1:    #include "include_loop_2.ssl"
    from /unsuccessful/include_loop_2.ssl: 1:    #include "include_loop_1.ssl"
    from /unsuccessful/include_loop_1.ssl: 1:    #include "include_loop_2.ssl"
    from /unsuccessful/include_loop_2.ssl: 1:    #include "include_loop_1.ssl"
    from /unsuccessful/include_loop_1.ssl: 1:    #include "include_loop_2.ssl"
    from /unsuccessful/include_loop_2.ssl: 1:    #include "include_loop_1.ssl"
    from /unsuccessful/include_loop_1.ssl: 1:    #include "include_loop_2.ssl"
    from /unsuccessful/include_loop_2.ssl: 1:    #include "include_loop_1.ssl"
    from /unsuccessful/include_loop_1.ssl: 1:    #include "include_loop_2.ssl"
    from /unsuccessful/include_loop_2.ssl: 1:    #include "include_loop_1.ssl"
    from /unsuccessful/include_loop_1.ssl: 1:    #include "include_loop_2.ssl"
    from /unsuccessful/include_loop_2.ssl: 1:    #include "include_loop_1.ssl"
    from /unsuccessful/include_loop_1.ssl: 1:    #include "include_loop_2.ssl"
    from /unsuccessful/include_loop_2.ssl: 1:    #include "include_loop_1.ssl"
    from /unsuccessful/include_loop_1.ssl: 1:    #include "include_loop_2.ssl"
    from /unsuccessful/include_loop_2.ssl: 1:    #include "include_loop_1.ssl"
    from /unsuccessful/include_loop_1.ssl: 1:    #include "include_loop_2.ssl"
    from /unsuccessful/include_loop_2.ssl: 1:    #include "include_loop_1.ssl"
    from /unsuccessful/include_loop_1.ssl: 1:    #include "include_loop_2.ssl"
    from /unsuccessful/include_loop_2.ssl: 1:    #include "include_loop_1.ssl"
    from /unsuccessful/include_loop_1.ssl: 1:    #include "include_loop_2.ssl"
    from /unsuccessful/include_loop_2.ssl: 1:    #include "include_loop_1.ssl"
    from /unsuccessful/include_loop_1.ssl: 1:    #include "include_loop_2.ssl"
    from /unsuccessful/include_loop_2.ssl: 1:    #include "include_loop_1.ssl"
    from /unsuccessful/include_loop_1.ssl: 1:    #include "include_loop_2.ssl"
    from /unsuccessful/include_loop_2.ssl: 1:    #include "include_loop_1.ssl"
    from /unsuccessful/include_loop_1.ssl: 1:    #include "include_loop_2.ssl"
    from /unsuccessful/include_loop_2.ssl: 1:    #include "include_loop_1.ssl"
    from /unsuccessful/include_loop_1.ssl: 1:    #include "include_loop_2.ssl"
    from /unsuccessful/include_loop_2.ssl: 1:    #include "include_loop_1.ssl"
    from /unsuccessful/include_loop_1.ssl: 1:    #include "include_loop_2.ssl"
    from /unsuccessful/include_loop_2.ssl: 1:    #include "include_loop_1.ssl"
    from /unsuccessful/include_loop_1.ssl: 1:    #include "include_loop_2.ssl"
    from /unsuccessful/include_loop_2.ssl: 1:    #include "include_loop_1.ssl"
    from /unsuccessful/include_loop_1.ssl: 1:    #include "include_loop_2.ssl"
    from /unsuccessful/include_loop_2.ssl: 1:    #include "include_loop_1.ssl"
    from /unsuccessful/include_loop_1.ssl: 1:    #include "include_loop_2.ssl"
    from /unsuccessful/include_loop_2.ssl: 1:    #include "include_loop_1.ssl"
    from /unsuccessful/include_loop_1.ssl: 1:    #include "include_loop_2.ssl"
    from /unsuccessful/include_loop_2.ssl: 1:    #include "include_loop_1.ssl"
    from /unsuccessful/include_loop_1.ssl: 1:    #include "include_loop_2.ssl"
    from /unsuccessful/include_loop_2.ssl: 1:    #include "include_loop_1.ssl"
    from /unsuccessful/include_loop_1.ssl: 1:    #include "include_loop_2.ssl"
    from /unsuccessful/include_loop_2.ssl: 1:    #include "include_loop_1.ssl"
    from /unsuccessful/include_loop_1.ssl: 1:    #include "include_loop_2.ssl"
    from /unsuccessful/include_loop_2.ssl: 1:    #include "include_loop_1.ssl"
    from /unsuccessful/include_loop_1.ssl: 1:    #include "include_loop_2.ssl"
    from /unsuccessful/include_loop_2.ssl: 1:    #include "include_loop_1.ssl"
    from /unsuccessful/include_loop_1.ssl: 1:    #include "include_loop_2.ssl"
    from /unsuccessful/include_loop_2.ssl: 1:    #include "include_loop_1.ssl"
    from /unsuccessful/include_loop_1.ssl: 1:    #include "include_loop_2.ssl"
    from /unsuccessful/include_loop_2.ssl: 1:    #include "include_loop_1.ssl"
    from /unsuccessful/include_loop_1.ssl: 1:    #include "include_loop_2.ssl"
    from /unsuccessful/include_loop_2.ssl: 1:    #include "include_loop_1.ssl"
    from /unsuccessful/include_loop_1.ssl: 1:    #include "include_loop_2.ssl"
    from /unsuccessful/include_loop_2.ssl: 1:    #include "include_loop_1.ssl"
    from /unsuccessful/include_loop_1.ssl: 1:    #include "include_loop_2.ssl"
    from /unsuccessful/include_loop_2.ssl: 1:    #include "include_loop_1.ssl"
    from /unsuccessful/include_loop_1.ssl: 1:    #include "include_loop_2.ssl"
    from /unsuccessful/include_loop_2.ssl: 1:    #include "include_loop_1.ssl"
    from /unsuccessful/include_loop_1.ssl: 1:    #include "include_loop_2.ssl"
    from /unsuccessful/include_loop_2.ssl: 1:    #include "include_loop_1.ssl"
    from /unsuccessful/include_loop_1.ssl: 1:    #include "include_loop_2.ssl"
    from /unsuccessful/include_loop_2.ssl: 1:    #include "include_loop_1.ssl"
    from /unsuccessful/include_loop_1.ssl: 1:    #include "include_loop_2.ssl"
    from /unsuccessful/include_loop_2.ssl: 1:    #include "include_loop_1.ssl"
    from /unsuccessful/include_loop_1.ssl: 1:    #include "include_loop_2.ssl"
    from /unsuccessful/include_loop_2.ssl: 1:    #include "include_loop_1.ssl"
    from /unsuccessful/include_loop_1.ssl: 1:    #include "include_loop_2.ssl"
    from /unsuccessful/include_loop_2.ssl: 1:    #include "include_loop_1.ssl"
    from /unsuccessful/include_loop_1.ssl: 1:    #include "include_loop_2.ssl"
    from /unsuccessful/include_loop_2.ssl: 1:    #include "include_loop_1.ssl"
    from /unsuccessful/include_loop_1.ssl: 1:    #include "include_loop_2.ssl"
    from /unsuccessful/include_loop_2.ssl: 1:    #include "include_loop_1.ssl"
    from /unsuccessful/include_loop_1.ssl: 1:    #include "include_loop_2.ssl"
    from /unsuccessful/include_loop_2.ssl: 1:    #include "include_loop_1.ssl"
    from /unsuccessful/include_loop_1.ssl: 1:    #include "include_loop_2.ssl"
    from /unsuccessful/include_loop_2.ssl: 1:    #include "include_loop_1.ssl"
    from /unsuccessful/include_loop_1.ssl: 1:    #include "include_loop_2.ssl"
    from /unsuccessful/include_loop_2.ssl: 1:    #include "include_loop_1.ssl"
    from /unsuccessful/include_loop_1.ssl: 1:    #include "include_loop_2.ssl"
    from /unsuccessful/include_loop_2.ssl: 1:    #include "include_loop_1.ssl"
    from /unsuccessful/include_loop_1.ssl: 1:    #include "include_loop_2.ssl"
    from /unsuccessful/include_loop_2.ssl: 1:    #include "include_loop_1.ssl"
    from /unsuccessful/include_loop_1.ssl: 1:    #include "include_loop_2.ssl"
    from /unsuccessful/include_loop_2.ssl: 1:    #include "include_loop_1.ssl"
    from /unsuccessful/include_loop_1.ssl: 1:    #include "include_loop_2.ssl"
    from /unsuccessful/include_loop_2.ssl: 1:    #include "include_loop_1.ssl"
    from /unsuccessful/include_loop_1.ssl: 1:    #include "include_loop_2.ssl"
    from /unsuccessful/include_loop_2.ssl: 1:    #include "include_loop_1.ssl"
    from /unsuccessful/include_loop_1.ssl: 1:    #include "include_loop_2.ssl"
    from /unsuccessful/include_loop_2.ssl: 1:    #include "include_loop_1.ssl"
    from /unsuccessful/include_loop_1.ssl: 1:    #include "include_loop_2.ssl"
    from /unsuccessful/include_loop_2.ssl: 1:    #include "include_loop_1.ssl"
    from /unsuccessful/include_loop_1.ssl: 1:    #include "include_loop_2.ssl"
    from /unsuccessful/include_loop_2.ssl: 1:    #include "include_loop_1.ssl"
    from /unsuccessful/include_loop_1.ssl: 1:    #include "include_loop_2.ssl"
    from /unsuccessful/include_loop_2.ssl: 1:    #include "include_loop_1.ssl"
    from /unsuccessful/include_loop_1.ssl: 1:    #include "include_loop_2.ssl"
    from /unsuccessful/include_loop_2.ssl: 1:    #include "include_loop_1.ssl"
    from include_loop_1.ssl: 1:    #include "include_loop_2.ssl"
1 error in preprocessor.
*** An error occured during preprocessing of include_loop_1.ssl ***
